
[TestGetChecksForRule/absent_with_required_labels - 1]
title: absent with required labels
config: |-
    {
      "ci": {
        "baseBranch": "master",
        "maxCommits": 20
      },
      "parser": {},
      "repository": {},
      "checks": {
        "enabled": [
          "alerts/absent",
          "alerts/annotation",
          "alerts/count",
          "alerts/external_labels",
          "alerts/for",
          "alerts/template",
          "labels/conflict",
          "promql/aggregate",
          "alerts/comparison",
          "promql/impossible",
          "promql/fragile",
          "promql/range_query",
          "promql/rate",
          "promql/regexp",
          "promql/syntax",
          "promql/vector_matching",
          "query/cost",
          "promql/counter",
          "promql/selector",
          "promql/series",
          "rule/dependency",
          "rule/duplicate",
          "rule/for",
          "rule/name",
          "rule/label",
          "rule/link",
          "rule/reject",
          "rule/report"
        ]
      },
      "owners": {},
      "rules": [
        {
          "call": [
            {
              "key": "absent",
              "selector": [
                {
                  "key": ".+_total",
                  "comment": "You must filter by job and namespace.",
                  "severity": "bug",
                  "requiredLabels": [
                    "job",
                    "namespace"
                  ]
                }
              ]
            }
          ]
        }
      ]
    }
entry:
    path:
        name: rules.yml
        symlinktarget: rules.yml
    filecomments: []
    rulecomments: []
checks:
    - promql/syntax
    - alerts/for
    - alerts/comparison
    - alerts/template
    - promql/fragile
    - promql/regexp
    - promql/impossible
    - promql/selector(absent:^.+_total$:job)
    - promql/selector(absent:^.+_total$:namespace)

---
