
[TestLabelsSource/8 - 1]
expr: 20 - 15 < bool 1
output:
    - selector: null
      labels:
        "":
            reason: This query returns a number value with no labels.
            fragment:
                start: 0
                end: 2
            kind: excluded
      operation: ""
      isdeadreason: this query always evaluates to `5 < 1` which is not possible, so it will never return anything
      returns: scalar
      joins: []
      unless: []
      position:
        start: 0
        end: 2
      isdeadposition:
        start: 0
        end: 2
      returnednumber: 5
      type: 1
      fixedlabels: true
      isdead: true
      alwaysreturns: true
      knownreturn: true
      isconditional: true
      isreturnbool: true

---
