
[TestLabelsSource/13 - 1]
expr: 1 > bool 0
output:
    - selector: null
      call: null
      aggregation: null
      excludereason:
        "":
            reason: This query returns a number value with no labels.
            fragment:
                start: 0
                end: 1
      operation: ""
      isdeadreason: ""
      returns: scalar
      joins: []
      unless: []
      includedlabels: []
      excludedlabels: []
      guaranteedlabels: []
      position:
        start: 0
        end: 1
      isdeadposition:
        start: 0
        end: 0
      returnednumber: 1
      type: 1
      fixedlabels: true
      isdead: false
      alwaysreturns: true
      knownreturn: true
      isconditional: true
      isreturnbool: true

---
