
[TestLabelsSource/14 - 1]
expr: 20 > bool 10
output:
    - labels:
        "":
            reason: This query returns a number value with no labels.
            fragment:
                start: 0
                end: 2
            kind: excluded
      operation: ""
      isdeadreason: ""
      returns: scalar
      joins: []
      unless: []
      position:
        start: 0
        end: 2
      isdeadposition:
        start: 0
        end: 0
      returnednumber: 20
      type: 1
      fixedlabels: true
      isdead: false
      alwaysreturns: true
      knownreturn: true
      isconditional: true
      isreturnbool: true

---
