
[TestLabelsSource/15 - 1]
expr: '"test"'
output:
    - labels:
        "":
            reason: This query returns a string value with no labels.
            fragment:
                start: 0
                end: 6
            kind: excluded
      operation: ""
      isdeadreason: ""
      returns: string
      joins: []
      unless: []
      position:
        start: 0
        end: 6
      isdeadposition:
        start: 0
        end: 0
      returnednumber: 0
      type: 2
      fixedlabels: true
      isdead: false
      alwaysreturns: true
      knownreturn: false
      isconditional: false
      isreturnbool: false

---
