
[TestLabelsSource/24 - 1]
expr: foo > bool on(instance) group_left(version) bar
output:
    - selector:
        name: foo
        originaloffset: 0s
        originaloffsetexpr: null
        offset: 0s
        timestamp: null
        skiphistogrambuckets: false
        startorend: 0
        labelmatchers:
            - type: 0
              name: __name__
              value: foo
        unexpandedseriesset: null
        series: []
        bypassemptymatchercheck: false
        posrange:
            start: 0
            end: 3
      labels:
        instance:
            reason: Query is using many-to-one vector matching with `on(instance)`, labels included inside `on(...)` will be present on the results.
            fragment:
                start: 11
                end: 13
            kind: included
        version:
            reason: Query is using many-to-one vector matching with `group_left(version)`, all labels included inside `group_left(...)` will be include on the results.
            fragment:
                start: 24
                end: 34
            kind: included
      operation: many-to-one
      isdeadreason: ""
      returns: vector
      joins:
        - selector:
            name: bar
            originaloffset: 0s
            originaloffsetexpr: null
            offset: 0s
            timestamp: null
            skiphistogrambuckets: false
            startorend: 0
            labelmatchers:
                - type: 0
                  name: __name__
                  value: bar
            unexpandedseriesset: null
            series: []
            bypassemptymatchercheck: false
            posrange:
                start: 44
                end: 47
          labels: {}
          operation: ""
          isdeadreason: ""
          returns: vector
          joins: []
          unless: []
          position:
            start: 44
            end: 47
          isdeadposition:
            start: 0
            end: 0
          returnednumber: 0
          type: 3
          fixedlabels: false
          isdead: false
          alwaysreturns: false
          knownreturn: false
          isconditional: false
          isreturnbool: false
      unless: []
      position:
        start: 0
        end: 3
      isdeadposition:
        start: 0
        end: 0
      returnednumber: 0
      type: 3
      fixedlabels: false
      isdead: false
      alwaysreturns: false
      knownreturn: false
      isconditional: true
      isreturnbool: true

---
