
[TestLabelsSource/30 - 1]
expr: foo{job="bar"} or bar{job="foo"}
output:
    - selector:
        name: foo
        originaloffset: 0s
        originaloffsetexpr: null
        offset: 0s
        timestamp: null
        skiphistogrambuckets: false
        startorend: 0
        labelmatchers:
            - type: 0
              name: job
              value: bar
            - type: 0
              name: __name__
              value: foo
        unexpandedseriesset: null
        series: []
        bypassemptymatchercheck: false
        posrange:
            start: 0
            end: 14
      labels:
        job:
            reason: Query will only return series where these labels are present.
            fragment:
                start: 0
                end: 14
            kind: guaranteed
      operation: many-to-many
      isdeadreason: ""
      returns: vector
      joins: []
      unless: []
      position:
        start: 0
        end: 14
      isdeadposition:
        start: 0
        end: 0
      returnednumber: 0
      type: 3
      fixedlabels: false
      isdead: false
      alwaysreturns: false
      knownreturn: false
      isconditional: false
      isreturnbool: false
    - selector:
        name: bar
        originaloffset: 0s
        originaloffsetexpr: null
        offset: 0s
        timestamp: null
        skiphistogrambuckets: false
        startorend: 0
        labelmatchers:
            - type: 0
              name: job
              value: foo
            - type: 0
              name: __name__
              value: bar
        unexpandedseriesset: null
        series: []
        bypassemptymatchercheck: false
        posrange:
            start: 18
            end: 32
      labels:
        job:
            reason: Query will only return series where these labels are present.
            fragment:
                start: 18
                end: 32
            kind: guaranteed
      operation: many-to-many
      isdeadreason: ""
      returns: vector
      joins: []
      unless: []
      position:
        start: 18
        end: 32
      isdeadposition:
        start: 0
        end: 0
      returnednumber: 0
      type: 3
      fixedlabels: false
      isdead: false
      alwaysreturns: false
      knownreturn: false
      isconditional: false
      isreturnbool: false

---
