
[TestLabelsSource/34 - 1]
expr: deriv(rate(distance_covered_meters_total[1m])[5m:1m])
output:
    - labels: {}
      operation: deriv
      isdeadreason: ""
      returns: vector
      joins: []
      unless: []
      position:
        start: 6
        end: 52
      isdeadposition:
        start: 0
        end: 0
      returnednumber: 0
      type: 4
      fixedlabels: false
      isdead: false
      alwaysreturns: false
      knownreturn: false
      isconditional: false
      isreturnbool: false

---
