
[TestLabelsSource/41 - 1]
expr: sum(foo{job="myjob"}) without(job)
output:
    - labels:
        __name__:
            reason: Aggregation removes metric name.
            fragment:
                start: 0
                end: 34
            kind: excluded
        job:
            reason: Query is using aggregation with `without(job)`, all labels included inside `without(...)` will be removed from the results.
            fragment:
                start: 22
                end: 29
            kind: excluded
      operation: sum
      isdeadreason: ""
      returns: vector
      joins: []
      unless: []
      position:
        start: 4
        end: 20
      isdeadposition:
        start: 0
        end: 0
      returnednumber: 0
      type: 5
      fixedlabels: false
      isdead: false
      alwaysreturns: false
      knownreturn: false
      isconditional: false
      isreturnbool: false

---
