
[TestLabelsSource/44 - 1]
expr: abs(foo{job="myjob"} offset 5m)
output:
    - labels:
        job:
            reason: Query will only return series where these labels are present.
            fragment:
                start: 0
                end: 31
            kind: guaranteed
      operation: abs
      isdeadreason: ""
      returns: vector
      joins: []
      unless: []
      position:
        start: 4
        end: 30
      isdeadposition:
        start: 0
        end: 0
      returnednumber: 0
      type: 4
      fixedlabels: false
      isdead: false
      alwaysreturns: false
      knownreturn: false
      isconditional: false
      isreturnbool: false

---
