
[TestLabelsSource/48 - 1]
expr: min(foo{job="myjob"}) / max(foo{job="myjob"})
output:
    - selector:
        name: foo
        originaloffset: 0s
        originaloffsetexpr: null
        offset: 0s
        timestamp: null
        skiphistogrambuckets: false
        startorend: 0
        labelmatchers:
            - type: 0
              name: job
              value: myjob
            - type: 0
              name: __name__
              value: foo
        unexpandedseriesset: null
        series: []
        bypassemptymatchercheck: false
        posrange:
            start: 4
            end: 20
      call: null
      aggregation:
        op: 57410
        expr:
            name: foo
            originaloffset: 0s
            originaloffsetexpr: null
            offset: 0s
            timestamp: null
            skiphistogrambuckets: false
            startorend: 0
            labelmatchers:
                - type: 0
                  name: job
                  value: myjob
                - type: 0
                  name: __name__
                  value: foo
            unexpandedseriesset: null
            series: []
            bypassemptymatchercheck: false
            posrange:
                start: 4
                end: 20
        param: null
        grouping: []
        without: false
        posrange:
            start: 0
            end: 21
      excludereason:
        "":
            reason: Query is using aggregation that removes all labels.
            fragment:
                start: 0
                end: 21
        __name__:
            reason: Aggregation removes metric name.
            fragment:
                start: 0
                end: 21
        job:
            reason: Query is using aggregation that removes all labels.
            fragment:
                start: 0
                end: 21
      operation: min
      isdeadreason: ""
      returns: vector
      joins:
        - selector:
            name: foo
            originaloffset: 0s
            originaloffsetexpr: null
            offset: 0s
            timestamp: null
            skiphistogrambuckets: false
            startorend: 0
            labelmatchers:
                - type: 0
                  name: job
                  value: myjob
                - type: 0
                  name: __name__
                  value: foo
            unexpandedseriesset: null
            series: []
            bypassemptymatchercheck: false
            posrange:
                start: 28
                end: 44
          call: null
          aggregation:
            op: 57409
            expr:
                name: foo
                originaloffset: 0s
                originaloffsetexpr: null
                offset: 0s
                timestamp: null
                skiphistogrambuckets: false
                startorend: 0
                labelmatchers:
                    - type: 0
                      name: job
                      value: myjob
                    - type: 0
                      name: __name__
                      value: foo
                unexpandedseriesset: null
                series: []
                bypassemptymatchercheck: false
                posrange:
                    start: 28
                    end: 44
            param: null
            grouping: []
            without: false
            posrange:
                start: 24
                end: 45
          excludereason:
            "":
                reason: Query is using aggregation that removes all labels.
                fragment:
                    start: 24
                    end: 45
            __name__:
                reason: Aggregation removes metric name.
                fragment:
                    start: 24
                    end: 45
            job:
                reason: Query is using aggregation that removes all labels.
                fragment:
                    start: 24
                    end: 45
          operation: max
          isdeadreason: ""
          returns: vector
          joins: []
          unless: []
          includedlabels: []
          excludedlabels:
            - __name__
          guaranteedlabels: []
          position:
            start: 28
            end: 44
          isdeadposition:
            start: 0
            end: 0
          returnednumber: 0
          type: 5
          fixedlabels: true
          isdead: false
          alwaysreturns: false
          knownreturn: false
          isconditional: false
          isreturnbool: false
      unless: []
      includedlabels: []
      excludedlabels:
        - __name__
      guaranteedlabels: []
      position:
        start: 4
        end: 20
      isdeadposition:
        start: 0
        end: 0
      returnednumber: 0
      type: 5
      fixedlabels: true
      isdead: false
      alwaysreturns: false
      knownreturn: false
      isconditional: false
      isreturnbool: false

---
