
[TestLabelsSource/51 - 1]
expr: group(foo) by(job)
output:
    - labels:
        "":
            reason: Query is using aggregation with `by(job)`, only labels included inside `by(...)` will be present on the results.
            fragment:
                start: 11
                end: 13
            kind: excluded
        __name__:
            reason: Aggregation removes metric name.
            fragment:
                start: 0
                end: 18
            kind: excluded
        job:
            reason: Query is using aggregation with `by(job)`, only labels included inside `by(...)` will be present on the results.
            fragment:
                start: 11
                end: 13
            kind: included
      operation: group
      isdeadreason: ""
      returns: vector
      joins: []
      unless: []
      position:
        start: 6
        end: 9
      isdeadposition:
        start: 0
        end: 0
      returnednumber: 0
      type: 5
      fixedlabels: true
      isdead: false
      alwaysreturns: false
      knownreturn: false
      isconditional: false
      isreturnbool: false

---
