
[TestLabelsSource/51 - 1]
expr: group(foo) by(job)
output:
    - selector:
        name: foo
        originaloffset: 0s
        originaloffsetexpr: null
        offset: 0s
        timestamp: null
        skiphistogrambuckets: false
        startorend: 0
        labelmatchers:
            - type: 0
              name: __name__
              value: foo
        unexpandedseriesset: null
        series: []
        bypassemptymatchercheck: false
        posrange:
            start: 6
            end: 9
      labels:
        "":
            reason: Query is using aggregation with `by(job)`, only labels included inside `by(...)` will be present on the results.
            fragment:
                start: 11
                end: 13
            kind: excluded
        __name__:
            reason: Aggregation removes metric name.
            fragment:
                start: 0
                end: 18
            kind: excluded
        job:
            reason: Query is using aggregation with `by(job)`, only labels included inside `by(...)` will be present on the results.
            fragment:
                start: 11
                end: 13
            kind: included
      operation: group
      isdeadreason: ""
      returns: vector
      joins: []
      unless: []
      position:
        start: 6
        end: 9
      isdeadposition:
        start: 0
        end: 0
      returnednumber: 0
      type: 5
      fixedlabels: true
      isdead: false
      alwaysreturns: false
      knownreturn: false
      isconditional: false
      isreturnbool: false

---
