
[TestLabelsSource/57 - 1]
expr: count_values("version", build_version)
output:
    - labels:
        "":
            reason: Query is using aggregation that removes all labels.
            fragment:
                start: 0
                end: 38
            kind: excluded
        __name__:
            reason: Aggregation removes metric name.
            fragment:
                start: 0
                end: 38
            kind: excluded
        version:
            reason: This label will be added to the results by the count_values() call.
            fragment:
                start: 0
                end: 38
            kind: guaranteed
      operation: count_values
      isdeadreason: ""
      returns: vector
      joins: []
      unless: []
      position:
        start: 24
        end: 37
      isdeadposition:
        start: 0
        end: 0
      returnednumber: 0
      type: 5
      fixedlabels: true
      isdead: false
      alwaysreturns: false
      knownreturn: false
      isconditional: false
      isreturnbool: false

---
