
[TestLabelsSource/60 - 1]
expr: count_values("version", build_version) by(job)
output:
    - selector:
        name: build_version
        originaloffset: 0s
        originaloffsetexpr: null
        offset: 0s
        timestamp: null
        skiphistogrambuckets: false
        startorend: 0
        labelmatchers:
            - type: 0
              name: __name__
              value: build_version
        unexpandedseriesset: null
        series: []
        bypassemptymatchercheck: false
        posrange:
            start: 24
            end: 37
      labels:
        "":
            reason: Query is using aggregation with `by(job)`, only labels included inside `by(...)` will be present on the results.
            fragment:
                start: 39
                end: 41
            kind: excluded
        __name__:
            reason: Aggregation removes metric name.
            fragment:
                start: 0
                end: 46
            kind: excluded
        job:
            reason: Query is using aggregation with `by(job)`, only labels included inside `by(...)` will be present on the results.
            fragment:
                start: 39
                end: 41
            kind: included
        version:
            reason: This label will be added to the results by the count_values() call.
            fragment:
                start: 0
                end: 46
            kind: guaranteed
      operation: count_values
      isdeadreason: ""
      returns: vector
      joins: []
      unless: []
      position:
        start: 24
        end: 37
      isdeadposition:
        start: 0
        end: 0
      returnednumber: 0
      type: 5
      fixedlabels: true
      isdead: false
      alwaysreturns: false
      knownreturn: false
      isconditional: false
      isreturnbool: false

---
