
[TestLabelsSource/63 - 1]
expr: rate(foo[10m])
output:
    - labels: {}
      operation: rate
      isdeadreason: ""
      returns: vector
      joins: []
      unless: []
      position:
        start: 5
        end: 13
      isdeadposition:
        start: 0
        end: 0
      returnednumber: 0
      type: 4
      fixedlabels: false
      isdead: false
      alwaysreturns: false
      knownreturn: false
      isconditional: false
      isreturnbool: false

---
