
[TestLabelsSource/65 - 1]
expr: foo{job="foo"} / bar
output:
    - labels:
        job:
            reason: Query will only return series where these labels are present.
            fragment:
                start: 0
                end: 14
            kind: guaranteed
      operation: one-to-one
      isdeadreason: ""
      returns: vector
      joins:
        - labels: {}
          operation: ""
          isdeadreason: ""
          returns: vector
          joins: []
          unless: []
          position:
            start: 17
            end: 20
          isdeadposition:
            start: 0
            end: 0
          returnednumber: 0
          type: 3
          fixedlabels: false
          isdead: false
          alwaysreturns: false
          knownreturn: false
          isconditional: false
          isreturnbool: false
      unless: []
      position:
        start: 0
        end: 14
      isdeadposition:
        start: 0
        end: 0
      returnednumber: 0
      type: 3
      fixedlabels: false
      isdead: false
      alwaysreturns: false
      knownreturn: false
      isconditional: false
      isreturnbool: false

---
