
[TestLabelsSource/68 - 1]
expr: foo{job="foo"} * on(instance) group_left(cluster) bar{cluster="bar", ignored="true"}
output:
    - labels:
        cluster:
            reason: Query is using many-to-one vector matching with `group_left(cluster)`, all labels included inside `group_left(...)` will be include on the results.
            fragment:
                start: 30
                end: 40
            kind: included
        instance:
            reason: Query is using many-to-one vector matching with `on(instance)`, labels included inside `on(...)` will be present on the results.
            fragment:
                start: 17
                end: 19
            kind: included
        job:
            reason: Query will only return series where these labels are present.
            fragment:
                start: 0
                end: 14
            kind: guaranteed
      operation: many-to-one
      isdeadreason: ""
      returns: vector
      joins:
        - labels:
            cluster:
                reason: Query will only return series where these labels are present.
                fragment:
                    start: 50
                    end: 84
                kind: guaranteed
            ignored:
                reason: Query will only return series where these labels are present.
                fragment:
                    start: 50
                    end: 84
                kind: guaranteed
          operation: ""
          isdeadreason: ""
          returns: vector
          joins: []
          unless: []
          position:
            start: 50
            end: 84
          isdeadposition:
            start: 0
            end: 0
          returnednumber: 0
          type: 3
          fixedlabels: false
          isdead: false
          alwaysreturns: false
          knownreturn: false
          isconditional: false
          isreturnbool: false
      unless: []
      position:
        start: 0
        end: 14
      isdeadposition:
        start: 0
        end: 0
      returnednumber: 0
      type: 3
      fixedlabels: false
      isdead: false
      alwaysreturns: false
      knownreturn: false
      isconditional: false
      isreturnbool: false

---
