
[TestLabelsSource/69 - 1]
expr: foo{job="foo", ignored="true"} * on(instance) group_right(job) bar{cluster="bar"}
output:
    - selector:
        name: bar
        originaloffset: 0s
        originaloffsetexpr: null
        offset: 0s
        timestamp: null
        skiphistogrambuckets: false
        startorend: 0
        labelmatchers:
            - type: 0
              name: cluster
              value: bar
            - type: 0
              name: __name__
              value: bar
        unexpandedseriesset: null
        series: []
        bypassemptymatchercheck: false
        posrange:
            start: 63
            end: 81
      call: null
      aggregation: null
      excludereason: {}
      operation: one-to-many
      isdeadreason: ""
      returns: vector
      joins:
        - selector:
            name: foo
            originaloffset: 0s
            originaloffsetexpr: null
            offset: 0s
            timestamp: null
            skiphistogrambuckets: false
            startorend: 0
            labelmatchers:
                - type: 0
                  name: job
                  value: foo
                - type: 0
                  name: ignored
                  value: "true"
                - type: 0
                  name: __name__
                  value: foo
            unexpandedseriesset: null
            series: []
            bypassemptymatchercheck: false
            posrange:
                start: 0
                end: 30
          call: null
          aggregation: null
          excludereason: {}
          operation: ""
          isdeadreason: ""
          returns: vector
          joins: []
          unless: []
          includedlabels: []
          excludedlabels: []
          guaranteedlabels:
            - job
            - ignored
          position:
            start: 0
            end: 30
          isdeadposition:
            start: 0
            end: 0
          returnednumber: 0
          type: 3
          fixedlabels: false
          isdead: false
          alwaysreturns: false
          knownreturn: false
          isconditional: false
          isreturnbool: false
      unless: []
      includedlabels:
        - job
        - instance
      excludedlabels: []
      guaranteedlabels:
        - cluster
      position:
        start: 63
        end: 81
      isdeadposition:
        start: 0
        end: 0
      returnednumber: 0
      type: 3
      fixedlabels: false
      isdead: false
      alwaysreturns: false
      knownreturn: false
      isconditional: false
      isreturnbool: false

---
