
[TestLabelsSource/69 - 1]
expr: foo{job="foo", ignored="true"} * on(instance) group_right(job) bar{cluster="bar"}
output:
    - labels:
        cluster:
            reason: Query will only return series where these labels are present.
            fragment:
                start: 63
                end: 81
            kind: guaranteed
        instance:
            reason: Query is using one-to-many vector matching with `on(instance)`, labels included inside `on(...)` will be present on the results.
            fragment:
                start: 33
                end: 35
            kind: included
        job:
            reason: Query is using one-to-many vector matching with `group_right(job)`, all labels included inside `group_right(...)` will be include on the results.
            fragment:
                start: 46
                end: 57
            kind: included
      operation: one-to-many
      isdeadreason: ""
      returns: vector
      joins:
        - labels:
            ignored:
                reason: Query will only return series where these labels are present.
                fragment:
                    start: 0
                    end: 30
                kind: guaranteed
            job:
                reason: Query will only return series where these labels are present.
                fragment:
                    start: 0
                    end: 30
                kind: guaranteed
          operation: ""
          isdeadreason: ""
          returns: vector
          joins: []
          unless: []
          position:
            start: 0
            end: 30
          isdeadposition:
            start: 0
            end: 0
          returnednumber: 0
          type: 3
          fixedlabels: false
          isdead: false
          alwaysreturns: false
          knownreturn: false
          isconditional: false
          isreturnbool: false
      unless: []
      position:
        start: 63
        end: 81
      isdeadposition:
        start: 0
        end: 0
      returnednumber: 0
      type: 3
      fixedlabels: false
      isdead: false
      alwaysreturns: false
      knownreturn: false
      isconditional: false
      isreturnbool: false

---
