
[TestLabelsSource/74 - 1]
expr: foo{job="foo", instance="1"} and on(cluster) bar
output:
    - labels:
        cluster:
            reason: Query is using many-to-many vector matching with `on(cluster)`, labels included inside `on(...)` will be present on the results.
            fragment:
                start: 33
                end: 35
            kind: included
        instance:
            reason: Query will only return series where these labels are present.
            fragment:
                start: 0
                end: 28
            kind: guaranteed
        job:
            reason: Query will only return series where these labels are present.
            fragment:
                start: 0
                end: 28
            kind: guaranteed
      operation: many-to-many
      isdeadreason: ""
      returns: vector
      joins:
        - labels: {}
          operation: ""
          isdeadreason: ""
          returns: vector
          joins: []
          unless: []
          position:
            start: 45
            end: 48
          isdeadposition:
            start: 0
            end: 0
          returnednumber: 0
          type: 3
          fixedlabels: false
          isdead: false
          alwaysreturns: false
          knownreturn: false
          isconditional: false
          isreturnbool: false
      unless: []
      position:
        start: 0
        end: 28
      isdeadposition:
        start: 0
        end: 0
      returnednumber: 0
      type: 3
      fixedlabels: false
      isdead: false
      alwaysreturns: false
      knownreturn: false
      isconditional: false
      isreturnbool: false

---
