
[TestLabelsSource/78 - 1]
expr: bottomk(10, sum(rate(foo[5m])) without(job))
output:
    - labels:
        __name__:
            reason: Aggregation removes metric name.
            fragment:
                start: 12
                end: 43
            kind: excluded
        job:
            reason: Query is using aggregation with `without(job)`, all labels included inside `without(...)` will be removed from the results.
            fragment:
                start: 31
                end: 38
            kind: excluded
      operation: bottomk
      isdeadreason: ""
      returns: vector
      joins: []
      unless: []
      position:
        start: 21
        end: 28
      isdeadposition:
        start: 0
        end: 0
      returnednumber: 0
      type: 5
      fixedlabels: false
      isdead: false
      alwaysreturns: false
      knownreturn: false
      isconditional: false
      isreturnbool: false

---
