
[TestLabelsSource/88 - 1]
expr: label_join(up{job="api-server",src1="a",src2="b",src3="c"}, "foo", ",", "src1", "src2", "src3")
output:
    - selector:
        name: up
        originaloffset: 0s
        originaloffsetexpr: null
        offset: 0s
        timestamp: null
        skiphistogrambuckets: false
        startorend: 0
        labelmatchers:
            - type: 0
              name: job
              value: api-server
            - type: 0
              name: src1
              value: a
            - type: 0
              name: src2
              value: b
            - type: 0
              name: src3
              value: c
            - type: 0
              name: __name__
              value: up
        unexpandedseriesset: null
        series: []
        bypassemptymatchercheck: false
        posrange:
            start: 11
            end: 58
      labels:
        foo:
            reason: This label will be added to the result by label_join() call.
            fragment:
                start: 0
                end: 95
            kind: guaranteed
        job:
            reason: Query will only return series where these labels are present.
            fragment:
                start: 11
                end: 58
            kind: guaranteed
        src1:
            reason: Query will only return series where these labels are present.
            fragment:
                start: 11
                end: 58
            kind: guaranteed
        src2:
            reason: Query will only return series where these labels are present.
            fragment:
                start: 11
                end: 58
            kind: guaranteed
        src3:
            reason: Query will only return series where these labels are present.
            fragment:
                start: 11
                end: 58
            kind: guaranteed
      operation: label_join
      isdeadreason: ""
      returns: vector
      joins: []
      unless: []
      position:
        start: 11
        end: 58
      isdeadposition:
        start: 0
        end: 0
      returnednumber: 0
      type: 4
      fixedlabels: false
      isdead: false
      alwaysreturns: false
      knownreturn: false
      isconditional: false
      isreturnbool: false

---
