
[TestLabelsSource/91 - 1]
expr: container_file_descriptors / on (instance, app_name) group_left() container_ulimits_soft{ulimit="max_open_files"}
output:
    - labels:
        app_name:
            reason: Query is using many-to-one vector matching with `on(instance, app_name)`, labels included inside `on(...)` will be present on the results.
            fragment:
                start: 29
                end: 32
            kind: included
        instance:
            reason: Query is using many-to-one vector matching with `on(instance, app_name)`, labels included inside `on(...)` will be present on the results.
            fragment:
                start: 29
                end: 32
            kind: included
      operation: many-to-one
      isdeadreason: ""
      returns: vector
      joins:
        - labels:
            ulimit:
                reason: Query will only return series where these labels are present.
                fragment:
                    start: 66
                    end: 113
                kind: guaranteed
          operation: ""
          isdeadreason: ""
          returns: vector
          joins: []
          unless: []
          position:
            start: 66
            end: 113
          isdeadposition:
            start: 0
            end: 0
          returnednumber: 0
          type: 3
          fixedlabels: false
          isdead: false
          alwaysreturns: false
          knownreturn: false
          isconditional: false
          isreturnbool: false
      unless: []
      position:
        start: 0
        end: 26
      isdeadposition:
        start: 0
        end: 0
      returnednumber: 0
      type: 3
      fixedlabels: false
      isdead: false
      alwaysreturns: false
      knownreturn: false
      isconditional: false
      isreturnbool: false

---
