
[TestLabelsSource/97 - 1]
expr: count(node_exporter_build_info) by (instance, version) != ignoring(package,version) group_left(foo) count(deb_package_version) by (instance, version, package)
output:
    - labels:
        "":
            reason: Query is using aggregation with `by(instance, version)`, only labels included inside `by(...)` will be present on the results.
            fragment:
                start: 32
                end: 35
            kind: excluded
        __name__:
            reason: Aggregation removes metric name.
            fragment:
                start: 0
                end: 54
            kind: excluded
        foo:
            reason: Query is using many-to-one vector matching with `group_left(foo)`, all labels included inside `group_left(...)` will be include on the results.
            fragment:
                start: 84
                end: 94
            kind: included
        instance:
            reason: Query is using aggregation with `by(instance, version)`, only labels included inside `by(...)` will be present on the results.
            fragment:
                start: 32
                end: 35
            kind: included
        version:
            reason: Query is using aggregation with `by(instance, version)`, only labels included inside `by(...)` will be present on the results.
            fragment:
                start: 32
                end: 35
            kind: included
      operation: count
      isdeadreason: ""
      returns: vector
      joins:
        - labels:
            "":
                reason: Query is using aggregation with `by(instance, version, package)`, only labels included inside `by(...)` will be present on the results.
                fragment:
                    start: 127
                    end: 130
                kind: excluded
            __name__:
                reason: Aggregation removes metric name.
                fragment:
                    start: 100
                    end: 158
                kind: excluded
            instance:
                reason: Query is using aggregation with `by(instance, version, package)`, only labels included inside `by(...)` will be present on the results.
                fragment:
                    start: 127
                    end: 130
                kind: included
            package:
                reason: Query is using aggregation with `by(instance, version, package)`, only labels included inside `by(...)` will be present on the results.
                fragment:
                    start: 127
                    end: 130
                kind: included
            version:
                reason: Query is using aggregation with `by(instance, version, package)`, only labels included inside `by(...)` will be present on the results.
                fragment:
                    start: 127
                    end: 130
                kind: included
          operation: count
          isdeadreason: ""
          returns: vector
          joins: []
          unless: []
          position:
            start: 106
            end: 125
          isdeadposition:
            start: 0
            end: 0
          returnednumber: 0
          type: 5
          fixedlabels: true
          isdead: false
          alwaysreturns: false
          knownreturn: false
          isconditional: false
          isreturnbool: false
      unless: []
      position:
        start: 6
        end: 30
      isdeadposition:
        start: 0
        end: 0
      returnednumber: 0
      type: 5
      fixedlabels: true
      isdead: false
      alwaysreturns: false
      knownreturn: false
      isconditional: true
      isreturnbool: false

---
