
[TestLabelsSource/103 - 1]
expr: vector(scalar(foo))
output:
    - selector: null
      call:
        func:
            name: vector
            argtypes:
                - scalar
            variadic: 0
            returntype: vector
            experimental: false
        args:
            - func:
                name: scalar
                argtypes:
                    - vector
                variadic: 0
                returntype: scalar
                experimental: false
              args:
                - name: foo
                  originaloffset: 0s
                  originaloffsetexpr: null
                  offset: 0s
                  timestamp: null
                  skiphistogrambuckets: false
                  startorend: 0
                  labelmatchers:
                    - type: 0
                      name: __name__
                      value: foo
                  unexpandedseriesset: null
                  series: []
                  bypassemptymatchercheck: false
                  posrange:
                    start: 14
                    end: 17
              posrange:
                start: 7
                end: 18
        posrange:
            start: 0
            end: 19
      aggregation: null
      excludereason:
        "":
            reason: Calling `vector()` will return a vector value with no labels.
            fragment:
                start: 0
                end: 6
      operation: vector
      isdeadreason: ""
      returns: vector
      joins: []
      unless: []
      includedlabels: []
      excludedlabels: []
      guaranteedlabels: []
      position:
        start: 0
        end: 19
      isdeadposition:
        start: 0
        end: 0
      returnednumber: 0
      type: 4
      fixedlabels: true
      isdead: false
      alwaysreturns: true
      knownreturn: false
      isconditional: false
      isreturnbool: false

---
