
[TestLabelsSource/103 - 1]
expr: vector(scalar(foo))
output:
    - selector: null
      labels:
        "":
            reason: Calling `vector()` will return a vector value with no labels.
            fragment:
                start: 0
                end: 6
            kind: excluded
      operation: vector
      isdeadreason: ""
      returns: vector
      joins: []
      unless: []
      position:
        start: 0
        end: 19
      isdeadposition:
        start: 0
        end: 0
      returnednumber: 0
      type: 4
      fixedlabels: true
      isdead: false
      alwaysreturns: true
      knownreturn: false
      isconditional: false
      isreturnbool: false

---
