
[TestLabelsSource/105 - 1]
expr: sum_over_time(foo{job="myjob"}[5m])
output:
    - labels:
        job:
            reason: Query will only return series where these labels are present.
            fragment:
                start: 0
                end: 35
            kind: guaranteed
      operation: sum_over_time
      isdeadreason: ""
      returns: vector
      joins: []
      unless: []
      position:
        start: 14
        end: 34
      isdeadposition:
        start: 0
        end: 0
      returnednumber: 0
      type: 4
      fixedlabels: false
      isdead: false
      alwaysreturns: false
      knownreturn: false
      isconditional: false
      isreturnbool: false

---
