
[TestLabelsSource/108 - 1]
expr: label_replace(up{job="api-server",service="a:c"}, "foo", "$1", "service", "(.*):.*")
output:
    - labels:
        foo:
            reason: This label will be added to the result by label_replace() call.
            fragment:
                start: 0
                end: 84
            kind: guaranteed
        job:
            reason: Query will only return series where these labels are present.
            fragment:
                start: 14
                end: 48
            kind: guaranteed
        service:
            reason: Query will only return series where these labels are present.
            fragment:
                start: 14
                end: 48
            kind: guaranteed
      operation: label_replace
      isdeadreason: ""
      returns: vector
      joins: []
      unless: []
      position:
        start: 14
        end: 48
      isdeadposition:
        start: 0
        end: 0
      returnednumber: 0
      type: 4
      fixedlabels: false
      isdead: false
      alwaysreturns: false
      knownreturn: false
      isconditional: false
      isreturnbool: false

---
