
[TestLabelsSource/108 - 1]
expr: label_replace(up{job="api-server",service="a:c"}, "foo", "$1", "service", "(.*):.*")
output:
    - selector:
        name: up
        originaloffset: 0s
        originaloffsetexpr: null
        offset: 0s
        timestamp: null
        skiphistogrambuckets: false
        startorend: 0
        labelmatchers:
            - type: 0
              name: job
              value: api-server
            - type: 0
              name: service
              value: a:c
            - type: 0
              name: __name__
              value: up
        unexpandedseriesset: null
        series: []
        bypassemptymatchercheck: false
        posrange:
            start: 14
            end: 48
      call:
        func:
            name: label_replace
            argtypes:
                - vector
                - string
                - string
                - string
                - string
            variadic: 0
            returntype: vector
            experimental: false
        args:
            - name: up
              originaloffset: 0s
              originaloffsetexpr: null
              offset: 0s
              timestamp: null
              skiphistogrambuckets: false
              startorend: 0
              labelmatchers:
                - type: 0
                  name: job
                  value: api-server
                - type: 0
                  name: service
                  value: a:c
                - type: 0
                  name: __name__
                  value: up
              unexpandedseriesset: null
              series: []
              bypassemptymatchercheck: false
              posrange:
                start: 14
                end: 48
            - val: foo
              posrange:
                start: 50
                end: 55
            - val: $1
              posrange:
                start: 57
                end: 61
            - val: service
              posrange:
                start: 63
                end: 72
            - val: (.*):.*
              posrange:
                start: 74
                end: 83
        posrange:
            start: 0
            end: 84
      aggregation: null
      excludereason: {}
      operation: label_replace
      isdeadreason: ""
      returns: vector
      joins: []
      unless: []
      includedlabels: []
      excludedlabels: []
      guaranteedlabels:
        - job
        - service
        - foo
      position:
        start: 14
        end: 48
      isdeadposition:
        start: 0
        end: 0
      returnednumber: 0
      type: 4
      fixedlabels: false
      isdead: false
      alwaysreturns: false
      knownreturn: false
      isconditional: false
      isreturnbool: false

---
