
[TestLabelsSource/111 - 1]
expr: up{instance="a", job="prometheus"} * ignoring(job) up{instance="a", job="pint"}
output:
    - selector:
        name: up
        originaloffset: 0s
        originaloffsetexpr: null
        offset: 0s
        timestamp: null
        skiphistogrambuckets: false
        startorend: 0
        labelmatchers:
            - type: 0
              name: instance
              value: a
            - type: 0
              name: job
              value: prometheus
            - type: 0
              name: __name__
              value: up
        unexpandedseriesset: null
        series: []
        bypassemptymatchercheck: false
        posrange:
            start: 0
            end: 34
      call: null
      aggregation: null
      excludereason:
        job:
            reason: Query is using one-to-one vector matching with `ignoring(job)`, all labels included inside `ignoring(...)` will be removed on the results.
            fragment:
                start: 37
                end: 45
      operation: one-to-one
      isdeadreason: ""
      returns: vector
      joins:
        - selector:
            name: up
            originaloffset: 0s
            originaloffsetexpr: null
            offset: 0s
            timestamp: null
            skiphistogrambuckets: false
            startorend: 0
            labelmatchers:
                - type: 0
                  name: instance
                  value: a
                - type: 0
                  name: job
                  value: pint
                - type: 0
                  name: __name__
                  value: up
            unexpandedseriesset: null
            series: []
            bypassemptymatchercheck: false
            posrange:
                start: 51
                end: 79
          call: null
          aggregation: null
          excludereason: {}
          operation: ""
          isdeadreason: ""
          returns: vector
          joins: []
          unless: []
          includedlabels: []
          excludedlabels: []
          guaranteedlabels:
            - instance
            - job
          position:
            start: 51
            end: 79
          isdeadposition:
            start: 0
            end: 0
          returnednumber: 0
          type: 3
          fixedlabels: false
          isdead: false
          alwaysreturns: false
          knownreturn: false
          isconditional: false
          isreturnbool: false
      unless: []
      includedlabels: []
      excludedlabels:
        - job
      guaranteedlabels:
        - instance
      position:
        start: 0
        end: 34
      isdeadposition:
        start: 0
        end: 0
      returnednumber: 0
      type: 3
      fixedlabels: false
      isdead: false
      alwaysreturns: false
      knownreturn: false
      isconditional: false
      isreturnbool: false

---
