
[TestLabelsSource/113 - 1]
expr: label_replace(sum(foo) without(instance), "instance", "none", "", "")
output:
    - labels:
        __name__:
            reason: Aggregation removes metric name.
            fragment:
                start: 14
                end: 40
            kind: excluded
        instance:
            reason: This label will be added to the result by label_replace() call.
            fragment:
                start: 0
                end: 69
            kind: guaranteed
      operation: label_replace
      isdeadreason: ""
      returns: vector
      joins: []
      unless: []
      position:
        start: 14
        end: 40
      isdeadposition:
        start: 0
        end: 0
      returnednumber: 0
      type: 4
      fixedlabels: false
      isdead: false
      alwaysreturns: false
      knownreturn: false
      isconditional: false
      isreturnbool: false

---
