
[TestLabelsSource/117 - 1]
expr: vector(0) > vector(1)
output:
    - selector: null
      labels:
        "":
            reason: Calling `vector()` will return a vector value with no labels.
            fragment:
                start: 0
                end: 6
            kind: excluded
      operation: vector
      isdeadreason: '`vector(0) > vector(1)` always evaluates to `0 > 1` which is not possible, so it will never return anything'
      returns: vector
      joins:
        - selector: null
          labels:
            "":
                reason: Calling `vector()` will return a vector value with no labels.
                fragment:
                    start: 12
                    end: 18
                kind: excluded
          operation: vector
          isdeadreason: ""
          returns: vector
          joins: []
          unless: []
          position:
            start: 12
            end: 21
          isdeadposition:
            start: 0
            end: 0
          returnednumber: 1
          type: 4
          fixedlabels: true
          isdead: false
          alwaysreturns: true
          knownreturn: true
          isconditional: false
          isreturnbool: false
      unless: []
      position:
        start: 0
        end: 9
      isdeadposition:
        start: 0
        end: 9
      returnednumber: 0
      type: 4
      fixedlabels: true
      isdead: true
      alwaysreturns: true
      knownreturn: true
      isconditional: true
      isreturnbool: false

---
