
[TestLabelsSource/118 - 1]
expr: sum(foo or vector(0)) > 0
output:
    - labels:
        "":
            reason: Query is using aggregation that removes all labels.
            fragment:
                start: 0
                end: 3
            kind: excluded
        __name__:
            reason: Aggregation removes metric name.
            fragment:
                start: 0
                end: 21
            kind: excluded
      operation: sum
      isdeadreason: ""
      returns: vector
      joins: []
      unless: []
      position:
        start: 4
        end: 7
      isdeadposition:
        start: 0
        end: 0
      returnednumber: 0
      type: 5
      fixedlabels: true
      isdead: false
      alwaysreturns: false
      knownreturn: false
      isconditional: true
      isreturnbool: false
    - labels:
        "":
            reason: Query is using aggregation that removes all labels.
            fragment:
                start: 0
                end: 3
            kind: excluded
        __name__:
            reason: Aggregation removes metric name.
            fragment:
                start: 0
                end: 21
            kind: excluded
      operation: sum
      isdeadreason: this query always evaluates to `0 > 0` which is not possible, so it will never return anything
      returns: vector
      joins: []
      unless: []
      position:
        start: 11
        end: 20
      isdeadposition:
        start: 11
        end: 20
      returnednumber: 0
      type: 5
      fixedlabels: true
      isdead: true
      alwaysreturns: true
      knownreturn: true
      isconditional: true
      isreturnbool: false

---
