
[TestLabelsSource/122 - 1]
expr: |-
    (sum(sometimes{foo!="bar"} or vector(0)))
    or
    ((bob > 10) or sum(foo) or vector(1))
output:
    - labels:
        "":
            reason: Query is using aggregation that removes all labels.
            fragment:
                start: 1
                end: 4
            kind: excluded
        __name__:
            reason: Aggregation removes metric name.
            fragment:
                start: 1
                end: 41
            kind: excluded
      operation: sum
      isdeadreason: ""
      returns: vector
      joins: []
      unless: []
      position:
        start: 5
        end: 26
      isdeadposition:
        start: 0
        end: 0
      returnednumber: 0
      type: 5
      fixedlabels: true
      isdead: false
      alwaysreturns: false
      knownreturn: false
      isconditional: false
      isreturnbool: false
    - labels:
        "":
            reason: Query is using aggregation that removes all labels.
            fragment:
                start: 1
                end: 4
            kind: excluded
        __name__:
            reason: Aggregation removes metric name.
            fragment:
                start: 1
                end: 41
            kind: excluded
      operation: sum
      isdeadreason: ""
      returns: vector
      joins: []
      unless: []
      position:
        start: 30
        end: 39
      isdeadposition:
        start: 0
        end: 0
      returnednumber: 0
      type: 5
      fixedlabels: true
      isdead: false
      alwaysreturns: true
      knownreturn: true
      isconditional: false
      isreturnbool: false
    - labels: {}
      operation: many-to-many
      isdeadreason: ""
      returns: vector
      joins: []
      unless: []
      position:
        start: 47
        end: 50
      isdeadposition:
        start: 0
        end: 0
      returnednumber: 0
      type: 3
      fixedlabels: false
      isdead: false
      alwaysreturns: false
      knownreturn: false
      isconditional: true
      isreturnbool: false
    - labels:
        "":
            reason: Query is using aggregation that removes all labels.
            fragment:
                start: 60
                end: 63
            kind: excluded
        __name__:
            reason: Aggregation removes metric name.
            fragment:
                start: 60
                end: 68
            kind: excluded
      operation: sum
      isdeadreason: ""
      returns: vector
      joins: []
      unless: []
      position:
        start: 64
        end: 67
      isdeadposition:
        start: 0
        end: 0
      returnednumber: 0
      type: 5
      fixedlabels: true
      isdead: false
      alwaysreturns: false
      knownreturn: false
      isconditional: false
      isreturnbool: false
    - labels:
        "":
            reason: Calling `vector()` will return a vector value with no labels.
            fragment:
                start: 72
                end: 78
            kind: excluded
      operation: vector
      isdeadreason: ""
      returns: vector
      joins: []
      unless: []
      position:
        start: 72
        end: 81
      isdeadposition:
        start: 0
        end: 0
      returnednumber: 1
      type: 4
      fixedlabels: true
      isdead: false
      alwaysreturns: true
      knownreturn: true
      isconditional: false
      isreturnbool: false

---
