
[TestLabelsSource/123 - 1]
expr: |4-
    (
     sum(sometimes{foo!="bar"})
     or
     vector(1)
    ) and (
     ((bob > 10) or sum(bar))
     or
     notfound > 0
    )
output:
    - selector:
        name: sometimes
        originaloffset: 0s
        originaloffsetexpr: null
        offset: 0s
        timestamp: null
        skiphistogrambuckets: false
        startorend: 0
        labelmatchers:
            - type: 1
              name: foo
              value: bar
            - type: 0
              name: __name__
              value: sometimes
        unexpandedseriesset: null
        series: []
        bypassemptymatchercheck: false
        posrange:
            start: 8
            end: 29
      labels:
        "":
            reason: Query is using aggregation that removes all labels.
            fragment:
                start: 4
                end: 7
            kind: excluded
        __name__:
            reason: Aggregation removes metric name.
            fragment:
                start: 4
                end: 30
            kind: excluded
      operation: sum
      isdeadreason: ""
      returns: vector
      joins:
        - selector:
            name: bob
            originaloffset: 0s
            originaloffsetexpr: null
            offset: 0s
            timestamp: null
            skiphistogrambuckets: false
            startorend: 0
            labelmatchers:
                - type: 0
                  name: __name__
                  value: bob
            unexpandedseriesset: null
            series: []
            bypassemptymatchercheck: false
            posrange:
                start: 57
                end: 60
          labels: {}
          operation: many-to-many
          isdeadreason: ""
          returns: vector
          joins: []
          unless: []
          position:
            start: 57
            end: 60
          isdeadposition:
            start: 0
            end: 0
          returnednumber: 0
          type: 3
          fixedlabels: false
          isdead: false
          alwaysreturns: false
          knownreturn: false
          isconditional: true
          isreturnbool: false
        - selector:
            name: bar
            originaloffset: 0s
            originaloffsetexpr: null
            offset: 0s
            timestamp: null
            skiphistogrambuckets: false
            startorend: 0
            labelmatchers:
                - type: 0
                  name: __name__
                  value: bar
            unexpandedseriesset: null
            series: []
            bypassemptymatchercheck: false
            posrange:
                start: 74
                end: 77
          labels:
            "":
                reason: Query is using aggregation that removes all labels.
                fragment:
                    start: 70
                    end: 73
                kind: excluded
            __name__:
                reason: Aggregation removes metric name.
                fragment:
                    start: 70
                    end: 79
                kind: excluded
          operation: sum
          isdeadreason: ""
          returns: vector
          joins: []
          unless: []
          position:
            start: 74
            end: 77
          isdeadposition:
            start: 0
            end: 0
          returnednumber: 0
          type: 5
          fixedlabels: true
          isdead: false
          alwaysreturns: false
          knownreturn: false
          isconditional: false
          isreturnbool: false
        - selector:
            name: notfound
            originaloffset: 0s
            originaloffsetexpr: null
            offset: 0s
            timestamp: null
            skiphistogrambuckets: false
            startorend: 0
            labelmatchers:
                - type: 0
                  name: __name__
                  value: notfound
            unexpandedseriesset: null
            series: []
            bypassemptymatchercheck: false
            posrange:
                start: 85
                end: 93
          labels: {}
          operation: many-to-many
          isdeadreason: ""
          returns: vector
          joins: []
          unless: []
          position:
            start: 85
            end: 93
          isdeadposition:
            start: 0
            end: 0
          returnednumber: 0
          type: 3
          fixedlabels: false
          isdead: false
          alwaysreturns: false
          knownreturn: false
          isconditional: true
          isreturnbool: false
      unless: []
      position:
        start: 8
        end: 29
      isdeadposition:
        start: 0
        end: 0
      returnednumber: 0
      type: 5
      fixedlabels: true
      isdead: false
      alwaysreturns: false
      knownreturn: false
      isconditional: true
      isreturnbool: false
    - selector: null
      labels:
        "":
            reason: Calling `vector()` will return a vector value with no labels.
            fragment:
                start: 36
                end: 42
            kind: excluded
      operation: vector
      isdeadreason: ""
      returns: vector
      joins:
        - selector:
            name: bob
            originaloffset: 0s
            originaloffsetexpr: null
            offset: 0s
            timestamp: null
            skiphistogrambuckets: false
            startorend: 0
            labelmatchers:
                - type: 0
                  name: __name__
                  value: bob
            unexpandedseriesset: null
            series: []
            bypassemptymatchercheck: false
            posrange:
                start: 57
                end: 60
          labels: {}
          operation: many-to-many
          isdeadreason: ""
          returns: vector
          joins: []
          unless: []
          position:
            start: 57
            end: 60
          isdeadposition:
            start: 0
            end: 0
          returnednumber: 0
          type: 3
          fixedlabels: false
          isdead: false
          alwaysreturns: false
          knownreturn: false
          isconditional: true
          isreturnbool: false
        - selector:
            name: bar
            originaloffset: 0s
            originaloffsetexpr: null
            offset: 0s
            timestamp: null
            skiphistogrambuckets: false
            startorend: 0
            labelmatchers:
                - type: 0
                  name: __name__
                  value: bar
            unexpandedseriesset: null
            series: []
            bypassemptymatchercheck: false
            posrange:
                start: 74
                end: 77
          labels:
            "":
                reason: Query is using aggregation that removes all labels.
                fragment:
                    start: 70
                    end: 73
                kind: excluded
            __name__:
                reason: Aggregation removes metric name.
                fragment:
                    start: 70
                    end: 79
                kind: excluded
          operation: sum
          isdeadreason: ""
          returns: vector
          joins: []
          unless: []
          position:
            start: 74
            end: 77
          isdeadposition:
            start: 0
            end: 0
          returnednumber: 0
          type: 5
          fixedlabels: true
          isdead: false
          alwaysreturns: false
          knownreturn: false
          isconditional: false
          isreturnbool: false
        - selector:
            name: notfound
            originaloffset: 0s
            originaloffsetexpr: null
            offset: 0s
            timestamp: null
            skiphistogrambuckets: false
            startorend: 0
            labelmatchers:
                - type: 0
                  name: __name__
                  value: notfound
            unexpandedseriesset: null
            series: []
            bypassemptymatchercheck: false
            posrange:
                start: 85
                end: 93
          labels: {}
          operation: many-to-many
          isdeadreason: ""
          returns: vector
          joins: []
          unless: []
          position:
            start: 85
            end: 93
          isdeadposition:
            start: 0
            end: 0
          returnednumber: 0
          type: 3
          fixedlabels: false
          isdead: false
          alwaysreturns: false
          knownreturn: false
          isconditional: true
          isreturnbool: false
      unless: []
      position:
        start: 36
        end: 45
      isdeadposition:
        start: 0
        end: 0
      returnednumber: 1
      type: 4
      fixedlabels: true
      isdead: false
      alwaysreturns: true
      knownreturn: true
      isconditional: true
      isreturnbool: false

---
