
[TestLabelsSource/127 - 1]
expr: (sum(foo{job="myjob"}))
output:
    - selector:
        name: foo
        originaloffset: 0s
        originaloffsetexpr: null
        offset: 0s
        timestamp: null
        skiphistogrambuckets: false
        startorend: 0
        labelmatchers:
            - type: 0
              name: job
              value: myjob
            - type: 0
              name: __name__
              value: foo
        unexpandedseriesset: null
        series: []
        bypassemptymatchercheck: false
        posrange:
            start: 5
            end: 21
      call: null
      aggregation:
        op: 57414
        expr:
            name: foo
            originaloffset: 0s
            originaloffsetexpr: null
            offset: 0s
            timestamp: null
            skiphistogrambuckets: false
            startorend: 0
            labelmatchers:
                - type: 0
                  name: job
                  value: myjob
                - type: 0
                  name: __name__
                  value: foo
            unexpandedseriesset: null
            series: []
            bypassemptymatchercheck: false
            posrange:
                start: 5
                end: 21
        param: null
        grouping: []
        without: false
        posrange:
            start: 1
            end: 23
      excludereason:
        "":
            reason: Query is using aggregation that removes all labels.
            fragment:
                start: 1
                end: 4
        __name__:
            reason: Aggregation removes metric name.
            fragment:
                start: 1
                end: 23
        job:
            reason: Query is using aggregation that removes all labels.
            fragment:
                start: 1
                end: 4
      operation: sum
      isdeadreason: ""
      returns: vector
      joins: []
      unless: []
      includedlabels: []
      excludedlabels:
        - __name__
      guaranteedlabels: []
      position:
        start: 5
        end: 21
      isdeadposition:
        start: 0
        end: 0
      returnednumber: 0
      type: 5
      fixedlabels: true
      isdead: false
      alwaysreturns: false
      knownreturn: false
      isconditional: false
      isreturnbool: false

---
