
[TestLabelsSource/130 - 1]
expr: 1 > bool 5
output:
    - labels:
        "":
            reason: This query returns a number value with no labels.
            fragment:
                start: 0
                end: 1
            kind: excluded
      operation: ""
      isdeadreason: this query always evaluates to `1 > 5` which is not possible, so it will never return anything
      returns: scalar
      joins: []
      unless: []
      position:
        start: 0
        end: 1
      isdeadposition:
        start: 0
        end: 1
      returnednumber: 1
      type: 1
      fixedlabels: true
      isdead: true
      alwaysreturns: true
      knownreturn: true
      isconditional: true
      isreturnbool: true

---
