
[TestLabelsSource/133 - 1]
expr: prometheus_ready{job="prometheus"} unless on(job) vector(0)
output:
    - labels:
        job:
            reason: Query will only return series where these labels are present.
            fragment:
                start: 0
                end: 34
            kind: guaranteed
      operation: many-to-many
      isdeadreason: ""
      returns: vector
      joins: []
      unless:
        - labels:
            "":
                reason: Calling `vector()` will return a vector value with no labels.
                fragment:
                    start: 50
                    end: 56
                kind: excluded
          operation: vector
          isdeadreason: The right hand side will never be matched because it doesn't have the `job` label from `on(...)`. Calling `vector()` will return a vector value with no labels.
          returns: vector
          joins: []
          unless: []
          position:
            start: 50
            end: 59
          isdeadposition:
            start: 50
            end: 56
          returnednumber: 0
          type: 4
          fixedlabels: true
          isdead: true
          alwaysreturns: true
          knownreturn: true
          isconditional: false
          isreturnbool: false
      position:
        start: 0
        end: 34
      isdeadposition:
        start: 0
        end: 0
      returnednumber: 0
      type: 3
      fixedlabels: false
      isdead: false
      alwaysreturns: false
      knownreturn: false
      isconditional: false
      isreturnbool: false

---
