
[TestLabelsSource/134 - 1]
expr: |4
    max by (instance, cluster) (cf_node_role{kubernetes_role="master",role="kubernetes"})
    unless
       sum by (instance, cluster) (time() - node_systemd_timer_last_trigger_seconds{name=~"etcd-defrag-.*.timer"})
       * on (instance) group_left (cluster)
        cf_node_role{kubernetes_role="master",role="kubernetes"}
output:
    - labels:
        "":
            reason: Query is using aggregation with `by(instance, cluster)`, only labels included inside `by(...)` will be present on the results.
            fragment:
                start: 5
                end: 8
            kind: excluded
        __name__:
            reason: Aggregation removes metric name.
            fragment:
                start: 1
                end: 86
            kind: excluded
        cluster:
            reason: Query is using aggregation with `by(instance, cluster)`, only labels included inside `by(...)` will be present on the results.
            fragment:
                start: 5
                end: 8
            kind: included
        instance:
            reason: Query is using aggregation with `by(instance, cluster)`, only labels included inside `by(...)` will be present on the results.
            fragment:
                start: 5
                end: 8
            kind: included
        kubernetes_role:
            reason: Query is using aggregation with `by(instance, cluster)`, only labels included inside `by(...)` will be present on the results.
            fragment:
                start: 5
                end: 8
            kind: excluded
        role:
            reason: Query is using aggregation with `by(instance, cluster)`, only labels included inside `by(...)` will be present on the results.
            fragment:
                start: 5
                end: 8
            kind: excluded
      operation: max
      isdeadreason: ""
      returns: vector
      joins: []
      unless:
        - labels:
            "":
                reason: Query is using aggregation with `by(instance, cluster)`, only labels included inside `by(...)` will be present on the results.
                fragment:
                    start: 99
                    end: 102
                kind: excluded
            __name__:
                reason: Aggregation removes metric name.
                fragment:
                    start: 95
                    end: 202
                kind: excluded
            cluster:
                reason: Query is using many-to-one vector matching with `group_left(cluster)`, all labels included inside `group_left(...)` will be include on the results.
                fragment:
                    start: 222
                    end: 233
                kind: included
            instance:
                reason: Query is using many-to-one vector matching with `on(instance)`, labels included inside `on(...)` will be present on the results.
                fragment:
                    start: 208
                    end: 211
                kind: included
            name:
                reason: Query is using aggregation with `by(instance, cluster)`, only labels included inside `by(...)` will be present on the results.
                fragment:
                    start: 99
                    end: 102
                kind: excluded
          operation: sum
          isdeadreason: ""
          returns: vector
          joins:
            - labels:
                kubernetes_role:
                    reason: Query will only return series where these labels are present.
                    fragment:
                        start: 247
                        end: 303
                    kind: guaranteed
                role:
                    reason: Query will only return series where these labels are present.
                    fragment:
                        start: 247
                        end: 303
                    kind: guaranteed
              operation: ""
              isdeadreason: ""
              returns: vector
              joins: []
              unless: []
              position:
                start: 247
                end: 303
              isdeadposition:
                start: 0
                end: 0
              returnednumber: 0
              type: 3
              fixedlabels: false
              isdead: false
              alwaysreturns: false
              knownreturn: false
              isconditional: false
              isreturnbool: false
          unless: []
          position:
            start: 132
            end: 201
          isdeadposition:
            start: 0
            end: 0
          returnednumber: 0
          type: 5
          fixedlabels: true
          isdead: false
          alwaysreturns: false
          knownreturn: false
          isconditional: false
          isreturnbool: false
      position:
        start: 29
        end: 85
      isdeadposition:
        start: 0
        end: 0
      returnednumber: 0
      type: 5
      fixedlabels: true
      isdead: false
      alwaysreturns: false
      knownreturn: false
      isconditional: false
      isreturnbool: false

---
