
[TestLabelsSource/135 - 1]
expr: foo{a="1"} * on() bar{b="2"}
output:
    - labels:
        "":
            reason: Query is using one-to-one vector matching with `on()`, only labels included inside `on(...)` will be present on the results.
            fragment:
                start: 13
                end: 15
            kind: excluded
        a:
            reason: Query is using one-to-one vector matching with `on()`, only labels included inside `on(...)` will be present on the results.
            fragment:
                start: 13
                end: 15
            kind: excluded
      operation: one-to-one
      isdeadreason: ""
      returns: vector
      joins:
        - labels:
            b:
                reason: Query will only return series where these labels are present.
                fragment:
                    start: 18
                    end: 28
                kind: guaranteed
          operation: ""
          isdeadreason: ""
          returns: vector
          joins: []
          unless: []
          position:
            start: 18
            end: 28
          isdeadposition:
            start: 0
            end: 0
          returnednumber: 0
          type: 3
          fixedlabels: false
          isdead: false
          alwaysreturns: false
          knownreturn: false
          isconditional: false
          isreturnbool: false
      unless: []
      position:
        start: 0
        end: 10
      isdeadposition:
        start: 0
        end: 0
      returnednumber: 0
      type: 3
      fixedlabels: true
      isdead: false
      alwaysreturns: false
      knownreturn: false
      isconditional: false
      isreturnbool: false

---
